"""
>>> add_integer = __import__('0-add_integer').add_integer
>> add_integer(5, 5)
10
>>> add_integer(6, -1)
5
>>> add_integer(3.3, 5.5)
8
>>> add_integer(3.9, 0.2)
3
>>> add_integer(-3.9, 0.2)
-3
>>> add_integer(3.3, -2)
1
>>> add_integer(5)
103
>>> add_integer("hello", 3)
Traceback (most recent call last):
...
TypeError: a must be an integer
>>> add_integer(2, float('inf'))
Traceback (most recent call last):
...
OverflowError: cannot convert float infinity to integer 
"""
